[2026-05-13 11:09:19.9705562] Console created
[2026-05-13 11:09:19.9708070] UE4SS - v3.0.1 Beta #0 - Git SHA #0196ef29
[2026-05-13 11:09:19.9708545] Timezone: Pacific/Honolulu
[2026-05-13 11:09:19.9708771] UE4SS Build Configuration: Game__Shipping__Win64 (MSVC)
[2026-05-13 11:09:19.9747489] Setting up mods...
[2026-05-13 11:09:19.9748221] Loading mods from: C:\Users\NZXT\Desktop\RSDWTools_ Dev_Kit_1.0\ue4ss\Mods
[2026-05-13 11:09:19.9992622] Starting mods (from mods.txt (C:\Users\NZXT\Desktop\RSDWTools_ Dev_Kit_1.0\ue4ss\Mods\mods.txt) load order)...
[2026-05-13 11:09:20.0064600] Starting C++ mod 'RSDWTools'
[2026-05-13 11:09:20.0066520] Starting mods (from enabled.txt (C:\Users\NZXT\Desktop\RSDWTools_ Dev_Kit_1.0\ue4ss\Mods), no defined load order)...
[2026-05-13 11:09:20.0070328] No specific game configuration found, using default configuration file
[2026-05-13 11:09:20.0070850] Config: C:\Users\NZXT\Desktop\RSDWTools_ Dev_Kit_1.0\ue4ss\UE4SS-settings.ini

[2026-05-13 11:09:20.0071264] root directory: C:\Users\NZXT\Desktop\RSDWTools_ Dev_Kit_1.0\ue4ss
[2026-05-13 11:09:20.0071636] working directory: C:\Users\NZXT\Desktop\RSDWTools_ Dev_Kit_1.0\ue4ss
[2026-05-13 11:09:20.0072014] game executable directory: C:\Users\NZXT\Desktop\RSDWTools_ Dev_Kit_1.0
[2026-05-13 11:09:20.0073050] game executable: C:\Users\NZXT\Desktop\RSDWTools_ Dev_Kit_1.0\RSDWTools_Installer.exe (71857444 bytes)


[2026-05-13 11:09:20.0073472] mods directories: 
[2026-05-13 11:09:20.0073841] [0] C:\Users\NZXT\Desktop\RSDWTools_ Dev_Kit_1.0\ue4ss\Mods
[2026-05-13 11:09:20.0074196] 
[2026-05-13 11:09:20.0074550] log directory: C:\Users\NZXT\Desktop\RSDWTools_ Dev_Kit_1.0\ue4ss
[2026-05-13 11:09:20.0074968] object dumper directory: C:\Users\NZXT\Desktop\RSDWTools_ Dev_Kit_1.0\ue4ss


[2026-05-13 11:09:20.0082294] DebugGame Setting Enabled? false
